[energia-ventosa-websitejks6tc8c9z.codedesign.app/index.html]
[backblue.gif]
[fade.gif]
[index.html]
[energia-ventosa-websitejks6tc8c9z.codedesign.app/_next/static/css/399f0ffd550e6319.css]
[energia-ventosa-websitejks6tc8c9z.codedesign.app/_next/static/chunks/polyfills-a40ef1678bae11e696dba45124eadd70.js]
[energia-ventosa-websitejks6tc8c9z.codedesign.app/_next/static/chunks/webpack-dcb6fd0bbf31d88d.js]
[energia-ventosa-websitejks6tc8c9z.codedesign.app/_next/static/chunks/main-2bde8bbd115c7241.js]
[energia-ventosa-websitejks6tc8c9z.codedesign.app/_next/static/chunks/framework-acb9ef830b9b8407.js]
[energia-ventosa-websitejks6tc8c9z.codedesign.app/_next/static/chunks/pages/_app-e02ec8197daca328.js]
[energia-ventosa-websitejks6tc8c9z.codedesign.app/_next/static/chunks/pages/[[...slug]]-350370e9daeccacf.js]
[energia-ventosa-websitejks6tc8c9z.codedesign.app/_next/static/1tKEUTMe3FWbivS7updAA/_buildManifest.js]
[energia-ventosa-websitejks6tc8c9z.codedesign.app/_next/static/1tKEUTMe3FWbivS7updAA/_ssgManifest.js]
[energia-ventosa-websitejks6tc8c9z.codedesign.app/_next/static/1tKEUTMe3FWbivS7updAA/_middlewareManifest.js]
[energia-ventosa-websitejks6tc8c9z.codedesign.app/index.html]
[energia-ventosa-websitejks6tc8c9z.codedesign.app/_next/static/css/399f0ffd550e6319.css]
